> tsc --noEmit
src/EditorTopBar.tsx(54,11): error TS17014: JSX fragment has no corresponding closing tag.
src/EditorTopBar.tsx(567,7): error TS1003: Identifier expected.
src/EditorTopBar.tsx(569,1): error TS1381: Unexpected token. Did you mean `{'}'}` or `&rbrace;`?
src/EditorTopBar.tsx(572,1): error TS1005: '</' expected.
